python : C:\Users\hp\AppData\Local\Programs\Python\Python311\Lib\site-packages\requests\__init__.py:109: 
RequestsDependencyWarning: urllib3 (2.5.0) or chardet (7.4.3)/charset_normalizer (3.4.4) doesn't match a supported 
version!
At line:1 char:22
+ ... YTHONPATH="."; python scratch/test_session_fix.py > test_log.txt 2>&1
+                    ~~~~~~~~~~~~~~~~~~~~~~~~~~~~~~~~~~~~~~~~~~~~~~~~~~~~~~
    + CategoryInfo          : NotSpecified: (C:\Users\hp\App...ported version!:String) [], RemoteException
    + FullyQualifiedErrorId : NativeCommandError
 
  warnings.warn(
2026-05-02 14:33:31,996 - sentence_transformers.SentenceTransformer - INFO - Use pytorch device_name: cpu
2026-05-02 14:33:31,998 - sentence_transformers.SentenceTransformer - INFO - Load pretrained SentenceTransformer: 
all-MiniLM-L6-v2
2026-05-02 14:33:39,284 - httpx - INFO - HTTP Request: HEAD 
https://huggingface.co/sentence-transformers/all-MiniLM-L6-v2/resolve/main/modules.json "HTTP/1.1 307 Temporary 
Redirect"
2026-05-02 14:33:39,303 - httpx - INFO - HTTP Request: HEAD https://huggingface.co/api/resolve-cache/models/sentence-tr
ansformers/all-MiniLM-L6-v2/c9745ed1d9f207416be6d2e6f8de32d1f16199bf/modules.json "HTTP/1.1 200 OK"
2026-05-02 14:33:39,593 - httpx - INFO - HTTP Request: HEAD 
https://huggingface.co/sentence-transformers/all-MiniLM-L6-v2/resolve/main/config_sentence_transformers.json "HTTP/1.1 
307 Temporary Redirect"
Warning: You are sending unauthenticated requests to the HF Hub. Please set a HF_TOKEN to enable higher rate limits 
and faster downloads.
2026-05-02 14:33:39,597 - huggingface_hub.utils._http - WARNING - Warning: You are sending unauthenticated requests to 
the HF Hub. Please set a HF_TOKEN to enable higher rate limits and faster downloads.
2026-05-02 14:33:39,616 - httpx - INFO - HTTP Request: HEAD https://huggingface.co/api/resolve-cache/models/sentence-tr
ansformers/all-MiniLM-L6-v2/c9745ed1d9f207416be6d2e6f8de32d1f16199bf/config_sentence_transformers.json "HTTP/1.1 200 
OK"
2026-05-02 14:33:39,904 - httpx - INFO - HTTP Request: HEAD 
https://huggingface.co/sentence-transformers/all-MiniLM-L6-v2/resolve/main/config_sentence_transformers.json "HTTP/1.1 
307 Temporary Redirect"
2026-05-02 14:33:39,936 - httpx - INFO - HTTP Request: HEAD https://huggingface.co/api/resolve-cache/models/sentence-tr
ansformers/all-MiniLM-L6-v2/c9745ed1d9f207416be6d2e6f8de32d1f16199bf/config_sentence_transformers.json "HTTP/1.1 200 
OK"
2026-05-02 14:33:40,215 - httpx - INFO - HTTP Request: HEAD 
https://huggingface.co/sentence-transformers/all-MiniLM-L6-v2/resolve/main/README.md "HTTP/1.1 307 Temporary Redirect"
2026-05-02 14:33:40,243 - httpx - INFO - HTTP Request: HEAD https://huggingface.co/api/resolve-cache/models/sentence-tr
ansformers/all-MiniLM-L6-v2/c9745ed1d9f207416be6d2e6f8de32d1f16199bf/README.md "HTTP/1.1 200 OK"
2026-05-02 14:33:40,524 - httpx - INFO - HTTP Request: HEAD 
https://huggingface.co/sentence-transformers/all-MiniLM-L6-v2/resolve/main/modules.json "HTTP/1.1 307 Temporary 
Redirect"
2026-05-02 14:33:40,542 - httpx - INFO - HTTP Request: HEAD https://huggingface.co/api/resolve-cache/models/sentence-tr
ansformers/all-MiniLM-L6-v2/c9745ed1d9f207416be6d2e6f8de32d1f16199bf/modules.json "HTTP/1.1 200 OK"
2026-05-02 14:33:40,842 - httpx - INFO - HTTP Request: HEAD 
https://huggingface.co/sentence-transformers/all-MiniLM-L6-v2/resolve/main/sentence_bert_config.json "HTTP/1.1 307 
Temporary Redirect"
2026-05-02 14:33:40,861 - httpx - INFO - HTTP Request: HEAD https://huggingface.co/api/resolve-cache/models/sentence-tr
ansformers/all-MiniLM-L6-v2/c9745ed1d9f207416be6d2e6f8de32d1f16199bf/sentence_bert_config.json "HTTP/1.1 200 OK"
2026-05-02 14:33:41,138 - httpx - INFO - HTTP Request: HEAD 
https://huggingface.co/sentence-transformers/all-MiniLM-L6-v2/resolve/main/adapter_config.json "HTTP/1.1 404 Not Found"
2026-05-02 14:33:41,419 - httpx - INFO - HTTP Request: HEAD 
https://huggingface.co/sentence-transformers/all-MiniLM-L6-v2/resolve/main/config.json "HTTP/1.1 307 Temporary 
Redirect"
2026-05-02 14:33:41,440 - httpx - INFO - HTTP Request: HEAD https://huggingface.co/api/resolve-cache/models/sentence-tr
ansformers/all-MiniLM-L6-v2/c9745ed1d9f207416be6d2e6f8de32d1f16199bf/config.json "HTTP/1.1 200 OK"
[startup] Building knowledge graph from CSV...
[KG] Loaded 52 conditions, 231 unique symptoms | Graph: 283 nodes, 472 edges
[startup] Initialising RAG pipeline from CSV...
[RAG] Loaded 60 medical documents from CSV

Loading weights:   0%|          | 0/103 [00:00<?, ?it/s]
Loading weights: 100%|##########| 103/103 [00:00<00:00, 3525.32it/s]
[1mBertModel LOAD REPORT[0m from: sentence-transformers/all-MiniLM-L6-v2
Key                     | Status     |  | 
------------------------+------------+--+-
embeddings.position_ids | UNEXPECTED |  | 

[3mNotes:
- UNEXPECTED[3m	:can be ignored when loading from different task/architecture; not ok if you expect identical 
arch.[0m
2026-05-02 14:33:44,336 - httpx - INFO - HTTP Request: HEAD 
https://huggingface.co/sentence-transformers/all-MiniLM-L6-v2/resolve/main/config.json "HTTP/1.1 307 Temporary 
Redirect"
2026-05-02 14:33:44,351 - httpx - INFO - HTTP Request: HEAD https://huggingface.co/api/resolve-cache/models/sentence-tr
ansformers/all-MiniLM-L6-v2/c9745ed1d9f207416be6d2e6f8de32d1f16199bf/config.json "HTTP/1.1 200 OK"
2026-05-02 14:33:44,643 - httpx - INFO - HTTP Request: HEAD 
https://huggingface.co/sentence-transformers/all-MiniLM-L6-v2/resolve/main/tokenizer_config.json "HTTP/1.1 307 
Temporary Redirect"
2026-05-02 14:33:44,663 - httpx - INFO - HTTP Request: HEAD https://huggingface.co/api/resolve-cache/models/sentence-tr
ansformers/all-MiniLM-L6-v2/c9745ed1d9f207416be6d2e6f8de32d1f16199bf/tokenizer_config.json "HTTP/1.1 200 OK"
2026-05-02 14:33:44,969 - httpx - INFO - HTTP Request: GET https://huggingface.co/api/models/sentence-transformers/all-
MiniLM-L6-v2/tree/main/additional_chat_templates?recursive=false&expand=false "HTTP/1.1 404 Not Found"
2026-05-02 14:33:45,245 - httpx - INFO - HTTP Request: GET 
https://huggingface.co/api/models/sentence-transformers/all-MiniLM-L6-v2/tree/main?recursive=true&expand=false 
"HTTP/1.1 200 OK"
2026-05-02 14:33:47,788 - httpx - INFO - HTTP Request: HEAD 
https://huggingface.co/sentence-transformers/all-MiniLM-L6-v2/resolve/main/1_Pooling/config.json "HTTP/1.1 307 
Temporary Redirect"
2026-05-02 14:33:47,808 - httpx - INFO - HTTP Request: HEAD https://huggingface.co/api/resolve-cache/models/sentence-tr
ansformers/all-MiniLM-L6-v2/c9745ed1d9f207416be6d2e6f8de32d1f16199bf/1_Pooling%2Fconfig.json "HTTP/1.1 200 OK"
2026-05-02 14:33:48,090 - httpx - INFO - HTTP Request: GET 
https://huggingface.co/api/models/sentence-transformers/all-MiniLM-L6-v2 "HTTP/1.1 200 OK"

Batches:   0%|          | 0/2 [00:00<?, ?it/s]
Batches:  50%|#####     | 1/2 [00:16<00:16, 16.45s/it]
Batches: 100%|##########| 2/2 [00:25<00:00, 11.88s/it]
Batches: 100%|##########| 2/2 [00:25<00:00, 12.57s/it]
[RAG] Indexed 59 chunks from 60 documents
[startup] Loading NLP extractor (dynamic lexicon from CSV)...
[NLP] Lexicon loaded: 238 canonical symptoms, 548 total phrases
[startup] Groq client ready.
Traceback (most recent call last):
  File "C:\Users\hp\symptom-assist\scratch\test_session_fix.py", line 48, in <module>
    asyncio.run(test_session_persistence())
  File "C:\Users\hp\AppData\Local\Programs\Python\Python311\Lib\asyncio\runners.py", line 190, in run
    return runner.run(main)
           ^^^^^^^^^^^^^^^^
  File "C:\Users\hp\AppData\Local\Programs\Python\Python311\Lib\asyncio\runners.py", line 118, in run
    return self._loop.run_until_complete(task)
           ^^^^^^^^^^^^^^^^^^^^^^^^^^^^^^^^^^^
  File "C:\Users\hp\AppData\Local\Programs\Python\Python311\Lib\asyncio\base_events.py", line 654, in 
run_until_complete
    return future.result()
           ^^^^^^^^^^^^^^^
  File "C:\Users\hp\symptom-assist\scratch\test_session_fix.py", line 6, in test_session_persistence
    async with AsyncClient(app=app, base_url="http://test") as ac:
               ^^^^^^^^^^^^^^^^^^^^^^^^^^^^^^^^^^^^^^^^^^^^
TypeError: AsyncClient.__init__() got an unexpected keyword argument 'app'
